
> hwnix-bill@2.2.2 build
> vite build

[36mvite v5.4.11 [32mbuilding for production...[36m[39m
transforming...
[32mΓ£ô[39m 512 modules transformed.
node.exe : [31mx[39m Build failed in 
16.09s
At line:1 char:1
+ & "C:\Program Files\nodejs/node.exe" 
"C:\Program Files\nodejs/node_mo ...
+ ~~~~~~~~~~~~~~~~~~~~~~~~~~~~~~~~~~~~~~
~~~~~~~~~~~~~~~~~~~~~~~~~~~~~~~
    + CategoryInfo          : NotSpecif 
   ied: ([31mx[39m Build failed in 1  
  6.09s:String) [], RemoteException
    + FullyQualifiedErrorId : NativeCom 
   mandError
 
[31merror during build:
[31m[vite-plugin-pwa:build] [plugin 
vite:vue] 
src/modules/users/pages/Profile.vue 
(24:24): Unquoted attribute value 
cannot contain U+0022 ("), U+0027 ('), 
U+003C (<), U+003D (=), and U+0060 
(`).[31m
file: [36mD:/Dev/projects/hwnix-bill/sr
c/modules/users/pages/Profile.vue:24:24
[31m
SyntaxError: [plugin vite:vue] 
src/modules/users/pages/Profile.vue 
(24:24): Unquoted attribute value 
cannot contain U+0022 ("), U+0027 ('), 
U+003C (<), U+003D (=), and U+0060 (`).
    at createCompilerError (D:\Dev\proje
cts\hwnix-bill\node_modules\@vue\compile
r-core\dist\compiler-core.cjs.prod.js:13
60:17)
    at Object.emitError [as onerr] (D:\D
ev\projects\hwnix-bill\node_modules\@vue
\compiler-core\dist\compiler-core.cjs.pr
od.js:2915:5)
    at 
Tokenizer.stateInAttrValueNoQuotes (D:\D
ev\projects\hwnix-bill\node_modules\@vue
\compiler-core\dist\compiler-core.cjs.pr
od.js:968:16)
    at Tokenizer.parse (D:\Dev\projects\
hwnix-bill\node_modules\@vue\compiler-co
re\dist\compiler-core.cjs.prod.js:1179:1
6)
    at Object.baseParse (D:\Dev\projects
\hwnix-bill\node_modules\@vue\compiler-c
ore\dist\compiler-core.cjs.prod.js:2947:
13)
    at Object.parse (D:\Dev\projects\hwn
ix-bill\node_modules\@vue\compiler-dom\d
ist\compiler-dom.cjs.prod.js:662:23)
    at Object.parse$1 [as parse] (D:\Dev
\projects\hwnix-bill\node_modules\@vue\c
ompiler-sfc\dist\compiler-sfc.cjs.js:179
4:24)
    at createDescriptor (file:///D:/Dev/
projects/hwnix-bill/node_modules/@vitejs
/plugin-vue/dist/index.mjs:71:43)
    at transformMain (file:///D:/Dev/pro
jects/hwnix-bill/node_modules/@vitejs/pl
ugin-vue/dist/index.mjs:2430:34)
    at Object.transform (file:///D:/Dev/
projects/hwnix-bill/node_modules/@vitejs
/plugin-vue/dist/index.mjs:2994:16)[39m
